// Jest Snapshot v1, https://goo.gl/fbAQLP

exports[`Test in <GifItem/> debe hacer match con el snapshot  1`] = `
<div>
  <div
    class="card"
  >
    <img
      alt="One Punch"
      src="https://one-punch.com/one-puch.jpg"
    />
    <p>
      One Punch
    </p>
  </div>
</div>
`;
